MPLINK 4.48, Linker
Linker Map File - Created Fri Jul 28 22:29:44 2023

                                 Section Info
                  Section       Type    Address   Location Size(Bytes)
                ---------  ---------  ---------  ---------  ---------
                   .org_0       code   0x000000    program   0x000000
                   .org_1       code   0x000000    program   0x000002
                   .org_2       code   0x000004    program   0x000968
     .config_2007_FIRST.O       code   0x002007    program   0x000002



                              Program Memory Usage 
                               Start         End      
                           ---------   ---------      
                            0x000000    0x000000      
                            0x000004    0x0004b7      
                            0x002007    0x002007      
            1206 out of 8454 program addresses used, program memory utilization is 14%



                              Symbols - Sorted by Name
                     Name    Address   Location    Storage File                     
                ---------  ---------  ---------  --------- ---------                
                      ISR   0x000001    program     static C:\Users\Administrator\OneDrive\Documents\original\first.asm
                MUL_BY_10   0x000439    program     static C:\Users\Administrator\OneDrive\Documents\original\first.asm
               MUL_BY_100   0x000432    program     static C:\Users\Administrator\OneDrive\Documents\original\first.asm
              MUL_BY_1000   0x00042b    program     static C:\Users\Administrator\OneDrive\Documents\original\first.asm
             MUL_BY_10000   0x000424    program     static C:\Users\Administrator\OneDrive\Documents\original\first.asm
                RB0_INTOP   0x000106    program     static C:\Users\Administrator\OneDrive\Documents\original\first.asm
                 RB0_INTk   0x00023a    program     static C:\Users\Administrator\OneDrive\Documents\original\first.asm
                 RBO_INTR   0x00003d    program     static C:\Users\Administrator\OneDrive\Documents\original\first.asm
                RBO_INTR1   0x000058    program     static C:\Users\Administrator\OneDrive\Documents\original\first.asm
                RBO_INTR2   0x00007c    program     static C:\Users\Administrator\OneDrive\Documents\original\first.asm
               RBO_INTR24   0x000198    program     static C:\Users\Administrator\OneDrive\Documents\original\first.asm
               RBO_INTR25   0x0001c6    program     static C:\Users\Administrator\OneDrive\Documents\original\first.asm
                RBO_INTR3   0x0000a5    program     static C:\Users\Administrator\OneDrive\Documents\original\first.asm
                RBO_INTR4   0x0000d3    program     static C:\Users\Administrator\OneDrive\Documents\original\first.asm
                RBO_INTR7   0x000130    program     static C:\Users\Administrator\OneDrive\Documents\original\first.asm
                RBO_INTR8   0x00014b    program     static C:\Users\Administrator\OneDrive\Documents\original\first.asm
           RBO_INTR_huns2   0x00016f    program     static C:\Users\Administrator\OneDrive\Documents\original\first.asm
                  TM0_INT   0x000046    program     static C:\Users\Administrator\OneDrive\Documents\original\first.asm
                 TM0_INT1   0x00006a    program     static C:\Users\Administrator\OneDrive\Documents\original\first.asm
                 TM0_INT2   0x000093    program     static C:\Users\Administrator\OneDrive\Documents\original\first.asm
                TM0_INT24   0x0001b4    program     static C:\Users\Administrator\OneDrive\Documents\original\first.asm
                TM0_INT25   0x0001e7    program     static C:\Users\Administrator\OneDrive\Documents\original\first.asm
                 TM0_INT3   0x0000c1    program     static C:\Users\Administrator\OneDrive\Documents\original\first.asm
                 TM0_INT4   0x0000f4    program     static C:\Users\Administrator\OneDrive\Documents\original\first.asm
                 TM0_INT7   0x000139    program     static C:\Users\Administrator\OneDrive\Documents\original\first.asm
                 TM0_INT8   0x00015d    program     static C:\Users\Administrator\OneDrive\Documents\original\first.asm
                TM0_INTOP   0x000122    program     static C:\Users\Administrator\OneDrive\Documents\original\first.asm
                TM0_INTRr   0x0001fe    program     static C:\Users\Administrator\OneDrive\Documents\original\first.asm
            TM0_INT_huns2   0x000186    program     static C:\Users\Administrator\OneDrive\Documents\original\first.asm
                 TM0_INTk   0x000256    program     static C:\Users\Administrator\OneDrive\Documents\original\first.asm
              add_numbers   0x00037e    program     static C:\Users\Administrator\OneDrive\Documents\original\first.asm
                   add_op   0x000119    program     static C:\Users\Administrator\OneDrive\Documents\original\first.asm
                  add_opk   0x00024d    program     static C:\Users\Administrator\OneDrive\Documents\original\first.asm
                 addition   0x0002bc    program     static C:\Users\Administrator\OneDrive\Documents\original\first.asm
                   carry1   0x000383    program     static C:\Users\Administrator\OneDrive\Documents\original\first.asm
                   carry2   0x000389    program     static C:\Users\Administrator\OneDrive\Documents\original\first.asm
                   carry3   0x00038f    program     static C:\Users\Administrator\OneDrive\Documents\original\first.asm
                   carry4   0x000395    program     static C:\Users\Administrator\OneDrive\Documents\original\first.asm
                   carry5   0x00039b    program     static C:\Users\Administrator\OneDrive\Documents\original\first.asm
                 chk_huns   0x0000b5    program     static C:\Users\Administrator\OneDrive\Documents\original\first.asm
               chk_huns24   0x0001a8    program     static C:\Users\Administrator\OneDrive\Documents\original\first.asm
               chk_huns25   0x0001d6    program     static C:\Users\Administrator\OneDrive\Documents\original\first.asm
                chk_huns4   0x0000e3    program     static C:\Users\Administrator\OneDrive\Documents\original\first.asm
            chk_operation   0x0002b5    program     static C:\Users\Administrator\OneDrive\Documents\original\first.asm
                 chk_tens   0x0000e8    program     static C:\Users\Administrator\OneDrive\Documents\original\first.asm
               chk_tens25   0x0001db    program     static C:\Users\Administrator\OneDrive\Documents\original\first.asm
                chk_thous   0x000087    program     static C:\Users\Administrator\OneDrive\Documents\original\first.asm
               chk_thous2   0x0000b0    program     static C:\Users\Administrator\OneDrive\Documents\original\first.asm
              chk_thous24   0x0001a3    program     static C:\Users\Administrator\OneDrive\Documents\original\first.asm
              chk_thous25   0x0001d1    program     static C:\Users\Administrator\OneDrive\Documents\original\first.asm
               chk_thous4   0x0000de    program     static C:\Users\Administrator\OneDrive\Documents\original\first.asm
          chk_thous_huns2   0x00017a    program     static C:\Users\Administrator\OneDrive\Documents\original\first.asm
                     cont   0x000260    program     static C:\Users\Administrator\OneDrive\Documents\original\first.asm
                   d_3sec   0x00046e    program     static C:\Users\Administrator\OneDrive\Documents\original\first.asm
                   dis_OP   0x000128    program     static C:\Users\Administrator\OneDrive\Documents\original\first.asm
                  dis_OPk   0x00025c    program     static C:\Users\Administrator\OneDrive\Documents\original\first.asm
                  dis_RB0   0x00004f    program     static C:\Users\Administrator\OneDrive\Documents\original\first.asm
                 dis_RB01   0x000073    program     static C:\Users\Administrator\OneDrive\Documents\original\first.asm
                 dis_RB02   0x00009c    program     static C:\Users\Administrator\OneDrive\Documents\original\first.asm
                dis_RB024   0x0001bd    program     static C:\Users\Administrator\OneDrive\Documents\original\first.asm
                dis_RB025   0x0001f0    program     static C:\Users\Administrator\OneDrive\Documents\original\first.asm
                 dis_RB03   0x0000ca    program     static C:\Users\Administrator\OneDrive\Documents\original\first.asm
                 dis_RB04   0x0000fd    program     static C:\Users\Administrator\OneDrive\Documents\original\first.asm
                 dis_RB07   0x000142    program     static C:\Users\Administrator\OneDrive\Documents\original\first.asm
                 dis_RB08   0x000166    program     static C:\Users\Administrator\OneDrive\Documents\original\first.asm
                dis_RB0OP   0x00010d    program     static C:\Users\Administrator\OneDrive\Documents\original\first.asm
            dis_RB0_huns2   0x00018f    program     static C:\Users\Administrator\OneDrive\Documents\original\first.asm
                 dis_RB0k   0x000241    program     static C:\Users\Administrator\OneDrive\Documents\original\first.asm
                  dis_TM0   0x00004c    program     static C:\Users\Administrator\OneDrive\Documents\original\first.asm
                 dis_TM01   0x000070    program     static C:\Users\Administrator\OneDrive\Documents\original\first.asm
                 dis_TM02   0x000099    program     static C:\Users\Administrator\OneDrive\Documents\original\first.asm
                dis_TM024   0x0001ba    program     static C:\Users\Administrator\OneDrive\Documents\original\first.asm
                dis_TM025   0x0001ed    program     static C:\Users\Administrator\OneDrive\Documents\original\first.asm
                 dis_TM03   0x0000c7    program     static C:\Users\Administrator\OneDrive\Documents\original\first.asm
                 dis_TM04   0x0000fa    program     static C:\Users\Administrator\OneDrive\Documents\original\first.asm
                 dis_TM07   0x00013f    program     static C:\Users\Administrator\OneDrive\Documents\original\first.asm
                 dis_TM08   0x000163    program     static C:\Users\Administrator\OneDrive\Documents\original\first.asm
            dis_TM0_huns2   0x00018c    program     static C:\Users\Administrator\OneDrive\Documents\original\first.asm
                dis_TM0_k   0x000206    program     static C:\Users\Administrator\OneDrive\Documents\original\first.asm
                  display   0x00035f    program     static C:\Users\Administrator\OneDrive\Documents\original\first.asm
              displayNums   0x000213    program     static C:\Users\Administrator\OneDrive\Documents\original\first.asm
                      div   0x0003b3    program     static C:\Users\Administrator\OneDrive\Documents\original\first.asm
                divResult   0x0003dc    program     static C:\Users\Administrator\OneDrive\Documents\original\first.asm
                   div_op   0x00011c    program     static C:\Users\Administrator\OneDrive\Documents\original\first.asm
                  div_opk   0x000250    program     static C:\Users\Administrator\OneDrive\Documents\original\first.asm
            division_loop   0x0003c4    program     static C:\Users\Administrator\OneDrive\Documents\original\first.asm
              division_op   0x0002bb    program     static C:\Users\Administrator\OneDrive\Documents\original\first.asm
                       dn   0x0003b2    program     static C:\Users\Administrator\OneDrive\Documents\original\first.asm
                     finl   0x0004b8    program     static C:\Users\Administrator\OneDrive\Documents\original\first.asm
           getFullNumbers   0x0003e6    program     static C:\Users\Administrator\OneDrive\Documents\original\first.asm
               get_digits   0x000441    program     static C:\Users\Administrator\OneDrive\Documents\original\first.asm
                     here   0x0001f8    program     static C:\Users\Administrator\OneDrive\Documents\original\first.asm
                    huns1   0x000077    program     static C:\Users\Administrator\OneDrive\Documents\original\first.asm
                    huns2   0x00016a    program     static C:\Users\Administrator\OneDrive\Documents\original\first.asm
                     inid   0x00049d    program     static C:\Users\Administrator\OneDrive\Documents\original\LCDIS.INC
                     keep   0x0002c9    program     static C:\Users\Administrator\OneDrive\Documents\original\first.asm
                  keepfun   0x0001f4    program     static C:\Users\Administrator\OneDrive\Documents\original\first.asm
                    loop1   0x00047f    program     static C:\Users\Administrator\OneDrive\Documents\original\LCDIS.INC
                   loop2d   0x000472    program     static C:\Users\Administrator\OneDrive\Documents\original\first.asm
                    loop3   0x000427    program     static C:\Users\Administrator\OneDrive\Documents\original\first.asm
                   loop3d   0x000470    program     static C:\Users\Administrator\OneDrive\Documents\original\first.asm
                    loop4   0x00042e    program     static C:\Users\Administrator\OneDrive\Documents\original\first.asm
                    loop5   0x000435    program     static C:\Users\Administrator\OneDrive\Documents\original\first.asm
                    loop6   0x00043c    program     static C:\Users\Administrator\OneDrive\Documents\original\first.asm
                    loopX   0x000484    program     static C:\Users\Administrator\OneDrive\Documents\original\LCDIS.INC
                    loopd   0x000474    program     static C:\Users\Administrator\OneDrive\Documents\original\first.asm
                modResult   0x0003e1    program     static C:\Users\Administrator\OneDrive\Documents\original\first.asm
                   mod_op   0x00011f    program     static C:\Users\Administrator\OneDrive\Documents\original\first.asm
                  mod_opk   0x000253    program     static C:\Users\Administrator\OneDrive\Documents\original\first.asm
                module_op   0x0002ba    program     static C:\Users\Administrator\OneDrive\Documents\original\first.asm
                no_carry1   0x00039e    program     static C:\Users\Administrator\OneDrive\Documents\original\first.asm
                no_carry2   0x0003a3    program     static C:\Users\Administrator\OneDrive\Documents\original\first.asm
                no_carry3   0x0003a8    program     static C:\Users\Administrator\OneDrive\Documents\original\first.asm
                no_carry4   0x0003ad    program     static C:\Users\Administrator\OneDrive\Documents\original\first.asm
                   normal   0x000082    program     static C:\Users\Administrator\OneDrive\Documents\original\first.asm
             normal_huns2   0x000175    program     static C:\Users\Administrator\OneDrive\Documents\original\first.asm
              normal_ones   0x0000d9    program     static C:\Users\Administrator\OneDrive\Documents\original\first.asm
            normal_ones25   0x0001cc    program     static C:\Users\Administrator\OneDrive\Documents\original\first.asm
              normal_tens   0x0000ab    program     static C:\Users\Administrator\OneDrive\Documents\original\first.asm
            normal_tens24   0x00019e    program     static C:\Users\Administrator\OneDrive\Documents\original\first.asm
                    onems   0x00047d    program     static C:\Users\Administrator\OneDrive\Documents\original\LCDIS.INC
                    ones1   0x0000ce    program     static C:\Users\Administrator\OneDrive\Documents\original\first.asm
                    ones2   0x0001c1    program     static C:\Users\Administrator\OneDrive\Documents\original\first.asm
                operation   0x000101    program     static C:\Users\Administrator\OneDrive\Documents\original\first.asm
               print_keep   0x00033c    program     static C:\Users\Administrator\OneDrive\Documents\original\first.asm
             print_result   0x000319    program     static C:\Users\Administrator\OneDrive\Documents\original\first.asm
                   pulseE   0x000488    program     static C:\Users\Administrator\OneDrive\Documents\original\LCDIS.INC
                   putLCD   0x0002f6    program     static C:\Users\Administrator\OneDrive\Documents\original\first.asm
        rolling_huns2_5_0   0x00017f    program     static C:\Users\Administrator\OneDrive\Documents\original\first.asm
         rolling_huns_5_0   0x00008c    program     static C:\Users\Administrator\OneDrive\Documents\original\first.asm
        rolling_ones2_5_0   0x0001e0    program     static C:\Users\Administrator\OneDrive\Documents\original\first.asm
         rolling_ones_5_0   0x0000ed    program     static C:\Users\Administrator\OneDrive\Documents\original\first.asm
        rolling_tens2_3_0   0x0001ad    program     static C:\Users\Administrator\OneDrive\Documents\original\first.asm
         rolling_tens_3_0   0x0000ba    program     static C:\Users\Administrator\OneDrive\Documents\original\first.asm
       rolling_thous2_5_0   0x000156    program     static C:\Users\Administrator\OneDrive\Documents\original\first.asm
        rolling_thous_5_0   0x000063    program     static C:\Users\Administrator\OneDrive\Documents\original\first.asm
                     rtrn   0x0002c8    program     static C:\Users\Administrator\OneDrive\Documents\original\first.asm
                     send   0x00048d    program     static C:\Users\Administrator\OneDrive\Documents\original\LCDIS.INC
                    show2   0x0002c2    program     static C:\Users\Administrator\OneDrive\Documents\original\first.asm
                  showAdd   0x0002bd    program     static C:\Users\Administrator\OneDrive\Documents\original\first.asm
             split8bitReg   0x00041b    program     static C:\Users\Administrator\OneDrive\Documents\original\first.asm
                    start   0x000267    program     static C:\Users\Administrator\OneDrive\Documents\original\first.asm
                   start2   0x0002a4    program     static C:\Users\Administrator\OneDrive\Documents\original\first.asm
                     sub3   0x00044d    program     static C:\Users\Administrator\OneDrive\Documents\original\first.asm
                     sub4   0x000455    program     static C:\Users\Administrator\OneDrive\Documents\original\first.asm
                     sub5   0x00045d    program     static C:\Users\Administrator\OneDrive\Documents\original\first.asm
                     sub6   0x000465    program     static C:\Users\Administrator\OneDrive\Documents\original\first.asm
                    tens1   0x0000a0    program     static C:\Users\Administrator\OneDrive\Documents\original\first.asm
                    tens2   0x000193    program     static C:\Users\Administrator\OneDrive\Documents\original\first.asm
                tenthous1   0x000038    program     static C:\Users\Administrator\OneDrive\Documents\original\first.asm
                tenthous2   0x00012b    program     static C:\Users\Administrator\OneDrive\Documents\original\first.asm
                   thous1   0x000053    program     static C:\Users\Administrator\OneDrive\Documents\original\first.asm
                   thous2   0x000146    program     static C:\Users\Administrator\OneDrive\Documents\original\first.asm
                      xms   0x000483    program     static C:\Users\Administrator\OneDrive\Documents\original\LCDIS.INC
                zero_clks   0x000204    program     static C:\Users\Administrator\OneDrive\Documents\original\first.asm
                zero_huns   0x000091    program     static C:\Users\Administrator\OneDrive\Documents\original\first.asm
               zero_huns2   0x000184    program     static C:\Users\Administrator\OneDrive\Documents\original\first.asm
                zero_ones   0x0000f2    program     static C:\Users\Administrator\OneDrive\Documents\original\first.asm
              zero_ones25   0x0001e5    program     static C:\Users\Administrator\OneDrive\Documents\original\first.asm
                  zero_op   0x00010c    program     static C:\Users\Administrator\OneDrive\Documents\original\first.asm
                 zero_opk   0x000240    program     static C:\Users\Administrator\OneDrive\Documents\original\first.asm
                zero_tens   0x0000bf    program     static C:\Users\Administrator\OneDrive\Documents\original\first.asm
              zero_tens24   0x0001b2    program     static C:\Users\Administrator\OneDrive\Documents\original\first.asm
            zero_tenthous   0x000044    program     static C:\Users\Administrator\OneDrive\Documents\original\first.asm
           zero_tenthous2   0x000137    program     static C:\Users\Administrator\OneDrive\Documents\original\first.asm
               zero_thous   0x000068    program     static C:\Users\Administrator\OneDrive\Documents\original\first.asm
              zero_thous2   0x00015b    program     static C:\Users\Administrator\OneDrive\Documents\original\first.asm



                              Symbols - Sorted by Address
                     Name    Address   Location    Storage File                     
                ---------  ---------  ---------  --------- ---------                
                      ISR   0x000001    program     static C:\Users\Administrator\OneDrive\Documents\original\first.asm
                tenthous1   0x000038    program     static C:\Users\Administrator\OneDrive\Documents\original\first.asm
                 RBO_INTR   0x00003d    program     static C:\Users\Administrator\OneDrive\Documents\original\first.asm
            zero_tenthous   0x000044    program     static C:\Users\Administrator\OneDrive\Documents\original\first.asm
                  TM0_INT   0x000046    program     static C:\Users\Administrator\OneDrive\Documents\original\first.asm
                  dis_TM0   0x00004c    program     static C:\Users\Administrator\OneDrive\Documents\original\first.asm
                  dis_RB0   0x00004f    program     static C:\Users\Administrator\OneDrive\Documents\original\first.asm
                   thous1   0x000053    program     static C:\Users\Administrator\OneDrive\Documents\original\first.asm
                RBO_INTR1   0x000058    program     static C:\Users\Administrator\OneDrive\Documents\original\first.asm
        rolling_thous_5_0   0x000063    program     static C:\Users\Administrator\OneDrive\Documents\original\first.asm
               zero_thous   0x000068    program     static C:\Users\Administrator\OneDrive\Documents\original\first.asm
                 TM0_INT1   0x00006a    program     static C:\Users\Administrator\OneDrive\Documents\original\first.asm
                 dis_TM01   0x000070    program     static C:\Users\Administrator\OneDrive\Documents\original\first.asm
                 dis_RB01   0x000073    program     static C:\Users\Administrator\OneDrive\Documents\original\first.asm
                    huns1   0x000077    program     static C:\Users\Administrator\OneDrive\Documents\original\first.asm
                RBO_INTR2   0x00007c    program     static C:\Users\Administrator\OneDrive\Documents\original\first.asm
                   normal   0x000082    program     static C:\Users\Administrator\OneDrive\Documents\original\first.asm
                chk_thous   0x000087    program     static C:\Users\Administrator\OneDrive\Documents\original\first.asm
         rolling_huns_5_0   0x00008c    program     static C:\Users\Administrator\OneDrive\Documents\original\first.asm
                zero_huns   0x000091    program     static C:\Users\Administrator\OneDrive\Documents\original\first.asm
                 TM0_INT2   0x000093    program     static C:\Users\Administrator\OneDrive\Documents\original\first.asm
                 dis_TM02   0x000099    program     static C:\Users\Administrator\OneDrive\Documents\original\first.asm
                 dis_RB02   0x00009c    program     static C:\Users\Administrator\OneDrive\Documents\original\first.asm
                    tens1   0x0000a0    program     static C:\Users\Administrator\OneDrive\Documents\original\first.asm
                RBO_INTR3   0x0000a5    program     static C:\Users\Administrator\OneDrive\Documents\original\first.asm
              normal_tens   0x0000ab    program     static C:\Users\Administrator\OneDrive\Documents\original\first.asm
               chk_thous2   0x0000b0    program     static C:\Users\Administrator\OneDrive\Documents\original\first.asm
                 chk_huns   0x0000b5    program     static C:\Users\Administrator\OneDrive\Documents\original\first.asm
         rolling_tens_3_0   0x0000ba    program     static C:\Users\Administrator\OneDrive\Documents\original\first.asm
                zero_tens   0x0000bf    program     static C:\Users\Administrator\OneDrive\Documents\original\first.asm
                 TM0_INT3   0x0000c1    program     static C:\Users\Administrator\OneDrive\Documents\original\first.asm
                 dis_TM03   0x0000c7    program     static C:\Users\Administrator\OneDrive\Documents\original\first.asm
                 dis_RB03   0x0000ca    program     static C:\Users\Administrator\OneDrive\Documents\original\first.asm
                    ones1   0x0000ce    program     static C:\Users\Administrator\OneDrive\Documents\original\first.asm
                RBO_INTR4   0x0000d3    program     static C:\Users\Administrator\OneDrive\Documents\original\first.asm
              normal_ones   0x0000d9    program     static C:\Users\Administrator\OneDrive\Documents\original\first.asm
               chk_thous4   0x0000de    program     static C:\Users\Administrator\OneDrive\Documents\original\first.asm
                chk_huns4   0x0000e3    program     static C:\Users\Administrator\OneDrive\Documents\original\first.asm
                 chk_tens   0x0000e8    program     static C:\Users\Administrator\OneDrive\Documents\original\first.asm
         rolling_ones_5_0   0x0000ed    program     static C:\Users\Administrator\OneDrive\Documents\original\first.asm
                zero_ones   0x0000f2    program     static C:\Users\Administrator\OneDrive\Documents\original\first.asm
                 TM0_INT4   0x0000f4    program     static C:\Users\Administrator\OneDrive\Documents\original\first.asm
                 dis_TM04   0x0000fa    program     static C:\Users\Administrator\OneDrive\Documents\original\first.asm
                 dis_RB04   0x0000fd    program     static C:\Users\Administrator\OneDrive\Documents\original\first.asm
                operation   0x000101    program     static C:\Users\Administrator\OneDrive\Documents\original\first.asm
                RB0_INTOP   0x000106    program     static C:\Users\Administrator\OneDrive\Documents\original\first.asm
                  zero_op   0x00010c    program     static C:\Users\Administrator\OneDrive\Documents\original\first.asm
                dis_RB0OP   0x00010d    program     static C:\Users\Administrator\OneDrive\Documents\original\first.asm
                   add_op   0x000119    program     static C:\Users\Administrator\OneDrive\Documents\original\first.asm
                   div_op   0x00011c    program     static C:\Users\Administrator\OneDrive\Documents\original\first.asm
                   mod_op   0x00011f    program     static C:\Users\Administrator\OneDrive\Documents\original\first.asm
                TM0_INTOP   0x000122    program     static C:\Users\Administrator\OneDrive\Documents\original\first.asm
                   dis_OP   0x000128    program     static C:\Users\Administrator\OneDrive\Documents\original\first.asm
                tenthous2   0x00012b    program     static C:\Users\Administrator\OneDrive\Documents\original\first.asm
                RBO_INTR7   0x000130    program     static C:\Users\Administrator\OneDrive\Documents\original\first.asm
           zero_tenthous2   0x000137    program     static C:\Users\Administrator\OneDrive\Documents\original\first.asm
                 TM0_INT7   0x000139    program     static C:\Users\Administrator\OneDrive\Documents\original\first.asm
                 dis_TM07   0x00013f    program     static C:\Users\Administrator\OneDrive\Documents\original\first.asm
                 dis_RB07   0x000142    program     static C:\Users\Administrator\OneDrive\Documents\original\first.asm
                   thous2   0x000146    program     static C:\Users\Administrator\OneDrive\Documents\original\first.asm
                RBO_INTR8   0x00014b    program     static C:\Users\Administrator\OneDrive\Documents\original\first.asm
       rolling_thous2_5_0   0x000156    program     static C:\Users\Administrator\OneDrive\Documents\original\first.asm
              zero_thous2   0x00015b    program     static C:\Users\Administrator\OneDrive\Documents\original\first.asm
                 TM0_INT8   0x00015d    program     static C:\Users\Administrator\OneDrive\Documents\original\first.asm
                 dis_TM08   0x000163    program     static C:\Users\Administrator\OneDrive\Documents\original\first.asm
                 dis_RB08   0x000166    program     static C:\Users\Administrator\OneDrive\Documents\original\first.asm
                    huns2   0x00016a    program     static C:\Users\Administrator\OneDrive\Documents\original\first.asm
           RBO_INTR_huns2   0x00016f    program     static C:\Users\Administrator\OneDrive\Documents\original\first.asm
             normal_huns2   0x000175    program     static C:\Users\Administrator\OneDrive\Documents\original\first.asm
          chk_thous_huns2   0x00017a    program     static C:\Users\Administrator\OneDrive\Documents\original\first.asm
        rolling_huns2_5_0   0x00017f    program     static C:\Users\Administrator\OneDrive\Documents\original\first.asm
               zero_huns2   0x000184    program     static C:\Users\Administrator\OneDrive\Documents\original\first.asm
            TM0_INT_huns2   0x000186    program     static C:\Users\Administrator\OneDrive\Documents\original\first.asm
            dis_TM0_huns2   0x00018c    program     static C:\Users\Administrator\OneDrive\Documents\original\first.asm
            dis_RB0_huns2   0x00018f    program     static C:\Users\Administrator\OneDrive\Documents\original\first.asm
                    tens2   0x000193    program     static C:\Users\Administrator\OneDrive\Documents\original\first.asm
               RBO_INTR24   0x000198    program     static C:\Users\Administrator\OneDrive\Documents\original\first.asm
            normal_tens24   0x00019e    program     static C:\Users\Administrator\OneDrive\Documents\original\first.asm
              chk_thous24   0x0001a3    program     static C:\Users\Administrator\OneDrive\Documents\original\first.asm
               chk_huns24   0x0001a8    program     static C:\Users\Administrator\OneDrive\Documents\original\first.asm
        rolling_tens2_3_0   0x0001ad    program     static C:\Users\Administrator\OneDrive\Documents\original\first.asm
              zero_tens24   0x0001b2    program     static C:\Users\Administrator\OneDrive\Documents\original\first.asm
                TM0_INT24   0x0001b4    program     static C:\Users\Administrator\OneDrive\Documents\original\first.asm
                dis_TM024   0x0001ba    program     static C:\Users\Administrator\OneDrive\Documents\original\first.asm
                dis_RB024   0x0001bd    program     static C:\Users\Administrator\OneDrive\Documents\original\first.asm
                    ones2   0x0001c1    program     static C:\Users\Administrator\OneDrive\Documents\original\first.asm
               RBO_INTR25   0x0001c6    program     static C:\Users\Administrator\OneDrive\Documents\original\first.asm
            normal_ones25   0x0001cc    program     static C:\Users\Administrator\OneDrive\Documents\original\first.asm
              chk_thous25   0x0001d1    program     static C:\Users\Administrator\OneDrive\Documents\original\first.asm
               chk_huns25   0x0001d6    program     static C:\Users\Administrator\OneDrive\Documents\original\first.asm
               chk_tens25   0x0001db    program     static C:\Users\Administrator\OneDrive\Documents\original\first.asm
        rolling_ones2_5_0   0x0001e0    program     static C:\Users\Administrator\OneDrive\Documents\original\first.asm
              zero_ones25   0x0001e5    program     static C:\Users\Administrator\OneDrive\Documents\original\first.asm
                TM0_INT25   0x0001e7    program     static C:\Users\Administrator\OneDrive\Documents\original\first.asm
                dis_TM025   0x0001ed    program     static C:\Users\Administrator\OneDrive\Documents\original\first.asm
                dis_RB025   0x0001f0    program     static C:\Users\Administrator\OneDrive\Documents\original\first.asm
                  keepfun   0x0001f4    program     static C:\Users\Administrator\OneDrive\Documents\original\first.asm
                     here   0x0001f8    program     static C:\Users\Administrator\OneDrive\Documents\original\first.asm
                TM0_INTRr   0x0001fe    program     static C:\Users\Administrator\OneDrive\Documents\original\first.asm
                zero_clks   0x000204    program     static C:\Users\Administrator\OneDrive\Documents\original\first.asm
                dis_TM0_k   0x000206    program     static C:\Users\Administrator\OneDrive\Documents\original\first.asm
              displayNums   0x000213    program     static C:\Users\Administrator\OneDrive\Documents\original\first.asm
                 RB0_INTk   0x00023a    program     static C:\Users\Administrator\OneDrive\Documents\original\first.asm
                 zero_opk   0x000240    program     static C:\Users\Administrator\OneDrive\Documents\original\first.asm
                 dis_RB0k   0x000241    program     static C:\Users\Administrator\OneDrive\Documents\original\first.asm
                  add_opk   0x00024d    program     static C:\Users\Administrator\OneDrive\Documents\original\first.asm
                  div_opk   0x000250    program     static C:\Users\Administrator\OneDrive\Documents\original\first.asm
                  mod_opk   0x000253    program     static C:\Users\Administrator\OneDrive\Documents\original\first.asm
                 TM0_INTk   0x000256    program     static C:\Users\Administrator\OneDrive\Documents\original\first.asm
                  dis_OPk   0x00025c    program     static C:\Users\Administrator\OneDrive\Documents\original\first.asm
                     cont   0x000260    program     static C:\Users\Administrator\OneDrive\Documents\original\first.asm
                    start   0x000267    program     static C:\Users\Administrator\OneDrive\Documents\original\first.asm
                   start2   0x0002a4    program     static C:\Users\Administrator\OneDrive\Documents\original\first.asm
            chk_operation   0x0002b5    program     static C:\Users\Administrator\OneDrive\Documents\original\first.asm
                module_op   0x0002ba    program     static C:\Users\Administrator\OneDrive\Documents\original\first.asm
              division_op   0x0002bb    program     static C:\Users\Administrator\OneDrive\Documents\original\first.asm
                 addition   0x0002bc    program     static C:\Users\Administrator\OneDrive\Documents\original\first.asm
                  showAdd   0x0002bd    program     static C:\Users\Administrator\OneDrive\Documents\original\first.asm
                    show2   0x0002c2    program     static C:\Users\Administrator\OneDrive\Documents\original\first.asm
                     rtrn   0x0002c8    program     static C:\Users\Administrator\OneDrive\Documents\original\first.asm
                     keep   0x0002c9    program     static C:\Users\Administrator\OneDrive\Documents\original\first.asm
                   putLCD   0x0002f6    program     static C:\Users\Administrator\OneDrive\Documents\original\first.asm
             print_result   0x000319    program     static C:\Users\Administrator\OneDrive\Documents\original\first.asm
               print_keep   0x00033c    program     static C:\Users\Administrator\OneDrive\Documents\original\first.asm
                  display   0x00035f    program     static C:\Users\Administrator\OneDrive\Documents\original\first.asm
              add_numbers   0x00037e    program     static C:\Users\Administrator\OneDrive\Documents\original\first.asm
                   carry1   0x000383    program     static C:\Users\Administrator\OneDrive\Documents\original\first.asm
                   carry2   0x000389    program     static C:\Users\Administrator\OneDrive\Documents\original\first.asm
                   carry3   0x00038f    program     static C:\Users\Administrator\OneDrive\Documents\original\first.asm
                   carry4   0x000395    program     static C:\Users\Administrator\OneDrive\Documents\original\first.asm
                   carry5   0x00039b    program     static C:\Users\Administrator\OneDrive\Documents\original\first.asm
                no_carry1   0x00039e    program     static C:\Users\Administrator\OneDrive\Documents\original\first.asm
                no_carry2   0x0003a3    program     static C:\Users\Administrator\OneDrive\Documents\original\first.asm
                no_carry3   0x0003a8    program     static C:\Users\Administrator\OneDrive\Documents\original\first.asm
                no_carry4   0x0003ad    program     static C:\Users\Administrator\OneDrive\Documents\original\first.asm
                       dn   0x0003b2    program     static C:\Users\Administrator\OneDrive\Documents\original\first.asm
                      div   0x0003b3    program     static C:\Users\Administrator\OneDrive\Documents\original\first.asm
            division_loop   0x0003c4    program     static C:\Users\Administrator\OneDrive\Documents\original\first.asm
                divResult   0x0003dc    program     static C:\Users\Administrator\OneDrive\Documents\original\first.asm
                modResult   0x0003e1    program     static C:\Users\Administrator\OneDrive\Documents\original\first.asm
           getFullNumbers   0x0003e6    program     static C:\Users\Administrator\OneDrive\Documents\original\first.asm
             split8bitReg   0x00041b    program     static C:\Users\Administrator\OneDrive\Documents\original\first.asm
             MUL_BY_10000   0x000424    program     static C:\Users\Administrator\OneDrive\Documents\original\first.asm
                    loop3   0x000427    program     static C:\Users\Administrator\OneDrive\Documents\original\first.asm
              MUL_BY_1000   0x00042b    program     static C:\Users\Administrator\OneDrive\Documents\original\first.asm
                    loop4   0x00042e    program     static C:\Users\Administrator\OneDrive\Documents\original\first.asm
               MUL_BY_100   0x000432    program     static C:\Users\Administrator\OneDrive\Documents\original\first.asm
                    loop5   0x000435    program     static C:\Users\Administrator\OneDrive\Documents\original\first.asm
                MUL_BY_10   0x000439    program     static C:\Users\Administrator\OneDrive\Documents\original\first.asm
                    loop6   0x00043c    program     static C:\Users\Administrator\OneDrive\Documents\original\first.asm
               get_digits   0x000441    program     static C:\Users\Administrator\OneDrive\Documents\original\first.asm
                     sub3   0x00044d    program     static C:\Users\Administrator\OneDrive\Documents\original\first.asm
                     sub4   0x000455    program     static C:\Users\Administrator\OneDrive\Documents\original\first.asm
                     sub5   0x00045d    program     static C:\Users\Administrator\OneDrive\Documents\original\first.asm
                     sub6   0x000465    program     static C:\Users\Administrator\OneDrive\Documents\original\first.asm
                   d_3sec   0x00046e    program     static C:\Users\Administrator\OneDrive\Documents\original\first.asm
                   loop3d   0x000470    program     static C:\Users\Administrator\OneDrive\Documents\original\first.asm
                   loop2d   0x000472    program     static C:\Users\Administrator\OneDrive\Documents\original\first.asm
                    loopd   0x000474    program     static C:\Users\Administrator\OneDrive\Documents\original\first.asm
                    onems   0x00047d    program     static C:\Users\Administrator\OneDrive\Documents\original\LCDIS.INC
                    loop1   0x00047f    program     static C:\Users\Administrator\OneDrive\Documents\original\LCDIS.INC
                      xms   0x000483    program     static C:\Users\Administrator\OneDrive\Documents\original\LCDIS.INC
                    loopX   0x000484    program     static C:\Users\Administrator\OneDrive\Documents\original\LCDIS.INC
                   pulseE   0x000488    program     static C:\Users\Administrator\OneDrive\Documents\original\LCDIS.INC
                     send   0x00048d    program     static C:\Users\Administrator\OneDrive\Documents\original\LCDIS.INC
                     inid   0x00049d    program     static C:\Users\Administrator\OneDrive\Documents\original\LCDIS.INC
                     finl   0x0004b8    program     static C:\Users\Administrator\OneDrive\Documents\original\first.asm


